
> hollywood-athletics-club-frontend@0.1.0 dev
> vite --host 127.0.0.1

>The Frontend has ran successfully...


  [32m[1mVITE[22m v5.4.21[39m  [2mready in [0m[1m523[22m[2m[0m ms[22m

  [32m➜[39m  [1mLocal[22m:   [36mhttp://127.0.0.1:[1m5173[22m/[39m
[2m12:02:18[22m [36m[1m[vite][22m[39m [32mhmr update [39m[2m/src/pages/Dashboard.jsx[22m
[2m12:02:20[22m [36m[1m[vite][22m[39m [32mhmr update [39m[2m/src/pages/Performance.jsx[22m
[2m12:02:22[22m [36m[1m[vite][22m[39m [32mhmr update [39m[2m/src/pages/Profile.jsx[22m
[2m12:12:02[22m [36m[1m[vite][22m[39m [32m.env changed, restarting server...[39m
[2m12:12:02[22m [36m[1m[vite][22m[39m server restarted.
[2m12:25:15[22m [36m[1m[vite][22m[39m [32mhmr update [39m[2m/src/pages/Dashboard.jsx[22m
[2m12:25:16[22m [36m[1m[vite][22m[39m [32mhmr update [39m[2m/src/pages/Performance.jsx[22m
[2m12:25:17[22m [36m[1m[vite][22m[39m [32mhmr update [39m[2m/src/pages/Profile.jsx[22m
[2m12:25:20[22m [36m[1m[vite][22m[39m [32mhmr update [39m[2m/src/pages/Profile.jsx, /src/pages/Performance.jsx, /src/pages/Dashboard.jsx[22m
[2m13:17:32[22m [36m[1m[vite][22m[39m [32m.env changed, restarting server...[39m
[2m13:17:32[22m [36m[1m[vite][22m[39m server restarted.
[2m14:20:43[22m [36m[1m[vite][22m[39m [32mhmr update [39m[2m/src/pages/Profile.jsx[22m
[2m14:25:18[22m [36m[1m[vite][22m[39m [32mhmr update [39m[2m/src/App.jsx[22m
[2m14:25:22[22m [36m[1m[vite][22m[39m [32mhmr update [39m[2m/src/pages/Profile.jsx[22m
[2m14:25:26[22m [36m[1m[vite][22m[39m [32mhmr update [39m[2m/src/pages/Profile.jsx[22m
[2m14:28:09[22m [36m[1m[vite][22m[39m [32mhmr update [39m[2m/src/pages/Profile.jsx[22m
[2m14:28:43[22m [36m[1m[vite][22m[39m [32mhmr update [39m[2m/src/pages/Profile.jsx[22m
[2m16:27:11[22m [36m[1m[vite][22m[39m [32mvite.config.js changed, restarting server...[39m
[2m16:27:11[22m [36m[1m[vite][22m[39m [32mvite.config.js changed, restarting server...[39m
[2m16:27:11[22m [36m[1m[vite][22m[39m server restarted.
[2m16:27:14[22m [36m[1m[vite][22m[39m [32mhmr update [39m[2m/src/pages/Performance.jsx, /src/pages/Dashboard.jsx, /src/pages/Profile.jsx[22m
